[
  {
    "at": "2026-08-31T01:40:28.628Z",
    "skill_id": "nestjs-developer",
    "source": "local",
    "selected_because": "score 4 (nestjs)",
    "loaded": false
  },
  {
    "at": "2026-08-31T01:40:28.629Z",
    "skill_id": "nestjs-developer",
    "source": "local",
    "selected_because": "score 4 (nestjs)",
    "loaded": false
  },
  {
    "at": "2026-08-31T01:40:28.629Z",
    "skill_id": "senior-refactor-reviewer",
    "source": "local",
    "selected_because": "score 4 (refactor)",
    "loaded": false
  },
  {
    "at": "2026-08-31T01:40:28.639Z",
    "skill_id": "backend-integrity",
    "source": "local",
    "selected_because": "score 4 (data)",
    "loaded": false
  },
  {
    "at": "2026-08-31T01:40:32.203Z",
    "skill_id": "nestjs-developer",
    "source": "local",
    "selected_because": "score 4 (nestjs)",
    "loaded": false
  },
  {
    "at": "2026-08-31T01:40:32.205Z",
    "skill_id": "nestjs-developer",
    "source": "local",
    "selected_because": "score 4 (nestjs)",
    "loaded": false
  },
  {
    "at": "2026-08-31T01:40:32.205Z",
    "skill_id": "senior-refactor-reviewer",
    "source": "local",
    "selected_because": "score 4 (refactor)",
    "loaded": false
  },
  {
    "at": "2026-08-31T01:40:32.215Z",
    "skill_id": "backend-integrity",
    "source": "local",
    "selected_because": "score 4 (data)",
    "loaded": false
  },
  {
    "at": "2026-08-31T01:40:57.656Z",
    "skill_id": "nestjs-developer",
    "source": "local",
    "selected_because": "score 4 (nestjs)",
    "loaded": false
  },
  {
    "at": "2026-08-31T01:40:57.657Z",
    "skill_id": "nestjs-developer",
    "source": "local",
    "selected_because": "score 4 (nestjs)",
    "loaded": false
  },
  {
    "at": "2026-08-31T01:40:57.657Z",
    "skill_id": "senior-refactor-reviewer",
    "source": "local",
    "selected_because": "score 4 (refactor)",
    "loaded": false
  },
  {
    "at": "2026-08-31T01:40:57.667Z",
    "skill_id": "backend-integrity",
    "source": "local",
    "selected_because": "score 4 (data)",
    "loaded": false
  },
  {
    "at": "2026-08-31T01:41:02.542Z",
    "skill_id": "nestjs-developer",
    "source": "local",
    "selected_because": "score 4 (nestjs)",
    "loaded": false
  },
  {
    "at": "2026-08-31T01:41:02.543Z",
    "skill_id": "nestjs-developer",
    "source": "local",
    "selected_because": "score 4 (nestjs)",
    "loaded": false
  },
  {
    "at": "2026-08-31T01:41:02.543Z",
    "skill_id": "senior-refactor-reviewer",
    "source": "local",
    "selected_because": "score 4 (refactor)",
    "loaded": false
  },
  {
    "at": "2026-08-31T01:41:02.553Z",
    "skill_id": "backend-integrity",
    "source": "local",
    "selected_because": "score 4 (data)",
    "loaded": false
  },
  {
    "at": "2026-08-31T01:41:17.883Z",
    "skill_id": "nestjs-developer",
    "source": "local",
    "selected_because": "score 4 (nestjs)",
    "loaded": false
  },
  {
    "at": "2026-08-31T01:41:17.885Z",
    "skill_id": "nestjs-developer",
    "source": "local",
    "selected_because": "score 4 (nestjs)",
    "loaded": false
  },
  {
    "at": "2026-08-31T01:41:17.885Z",
    "skill_id": "senior-refactor-reviewer",
    "source": "local",
    "selected_because": "score 4 (refactor)",
    "loaded": false
  },
  {
    "at": "2026-08-31T01:41:17.893Z",
    "skill_id": "backend-integrity",
    "source": "local",
    "selected_because": "score 4 (data)",
    "loaded": false
  },
  {
    "at": "2026-08-31T01:43:18.659Z",
    "skill_id": "nestjs-developer",
    "source": "local",
    "selected_because": "score 4 (api)",
    "loaded": false
  },
  {
    "at": "2026-08-31T01:44:04.322Z",
    "skill_id": "nestjs-developer",
    "source": "local",
    "selected_because": "score 4 (api)",
    "loaded": false
  },
  {
    "at": "2026-08-31T01:44:04.323Z",
    "skill_id": "awesome-performance-audit",
    "source": "khasky-awesome-agent-skills",
    "selected_because": "score 3 (audit)",
    "loaded": false
  }
]